MemTotal:        3046940 kB
MemFree:          281580 kB
MemAvailable:    1359608 kB
Buffers:           15976 kB
Cached:          1367852 kB
SwapCached:            0 kB
Active:           963888 kB
Inactive:        1147688 kB
Active(anon):     670396 kB
Inactive(anon):   105408 kB
Active(file):     293492 kB
Inactive(file):  1042280 kB
Unevictable:       39076 kB
Mlocked:           39076 kB
SwapTotal:       2285200 kB
SwapFree:        1897940 kB
Dirty:             18044 kB
Writeback:             0 kB
AnonPages:        767076 kB
Mapped:          1156004 kB
Shmem:             14612 kB
KReclaimable:      49404 kB
Slab:             224284 kB
SReclaimable:      49404 kB
SUnreclaim:       174880 kB
KernelStack:       40464 kB
ShadowCallStack:       0 kB
PageTables:        93672 kB
SecPageTables:         0 kB
NFS_Unstable:          0 kB
Bounce:                0 kB
WritebackTmp:          0 kB
CommitLimit:     3808668 kB
Committed_AS:   191928708 kB
VmallocTotal:   257687552 kB
VmallocUsed:       65008 kB
VmallocChunk:          0 kB
Percpu:             6240 kB
AnonHugePages:         0 kB
ShmemHugePages:        0 kB
ShmemPmdMapped:        0 kB
FileHugePages:         0 kB
FilePmdMapped:         0 kB
CmaTotal:          16384 kB
CmaFree:           12820 kB
